{"timestamp": "2026-08-02T10:35:53.377791+00:00", "level": "INFO", "logger": "vidur.inspection_engine.engine", "message": "Inspection started for project_id=demo-project root=C:\\Users\\ka447\\AppData\\Local\\Temp\\pytest-of-ka447\\pytest-32\\test_run_raises_when_feature_f0", "module": "engine", "function": "run", "line": 75}
{"timestamp": "2026-08-02T10:35:53.382320+00:00", "level": "INFO", "logger": "vidur.inspection_engine.engine", "message": "Inspection completed for project_id=demo-project health_score=80.0 findings=1", "module": "engine", "function": "run", "line": 93}
{"timestamp": "2026-08-02T10:35:53.389140+00:00", "level": "INFO", "logger": "vidur.inspection_engine.engine", "message": "Inspection started for project_id=demo-project root=C:\\Users\\ka447\\AppData\\Local\\Temp\\pytest-of-ka447\\pytest-32\\test_run_raises_for_invalid_pr0", "module": "engine", "function": "run", "line": 75}
{"timestamp": "2026-08-02T10:35:53.394147+00:00", "level": "INFO", "logger": "vidur.inspection_engine.engine", "message": "Inspection completed for project_id=demo-project health_score=80.0 findings=1", "module": "engine", "function": "run", "line": 93}
{"timestamp": "2026-08-02T10:35:53.399298+00:00", "level": "INFO", "logger": "vidur.inspection_engine.engine", "message": "Inspection started for project_id=project-a root=C:\\Users\\ka447\\AppData\\Local\\Temp\\pytest-of-ka447\\pytest-32\\test_run_raises_for_mismatched0", "module": "engine", "function": "run", "line": 75}
{"timestamp": "2026-08-02T10:35:53.403383+00:00", "level": "INFO", "logger": "vidur.inspection_engine.engine", "message": "Inspection completed for project_id=project-a health_score=80.0 findings=1", "module": "engine", "function": "run", "line": 93}
{"timestamp": "2026-08-02T10:35:53.407405+00:00", "level": "INFO", "logger": "vidur.inspection_engine.engine", "message": "Inspection started for project_id=demo-project root=C:\\Users\\ka447\\AppData\\Local\\Temp\\pytest-of-ka447\\pytest-32\\test_run_produces_reasoning_re0", "module": "engine", "function": "run", "line": 75}
{"timestamp": "2026-08-02T10:35:53.411407+00:00", "level": "INFO", "logger": "vidur.inspection_engine.engine", "message": "Inspection completed for project_id=demo-project health_score=80.0 findings=1", "module": "engine", "function": "run", "line": 93}
{"timestamp": "2026-08-02T10:35:53.412407+00:00", "level": "INFO", "logger": "vidur.ai_reasoning.engine", "message": "AI reasoning started for project_id=demo-project root=C:\\Users\\ka447\\AppData\\Local\\Temp\\pytest-of-ka447\\pytest-32\\test_run_produces_reasoning_re0", "module": "engine", "function": "run", "line": 80}
{"timestamp": "2026-08-02T10:35:53.412407+00:00", "level": "INFO", "logger": "vidur.ai_reasoning.engine", "message": "AI reasoning completed for project_id=demo-project recommendations=1", "module": "engine", "function": "run", "line": 102}
{"timestamp": "2026-08-02T10:35:53.417679+00:00", "level": "INFO", "logger": "vidur.inspection_engine.engine", "message": "Inspection started for project_id=demo-project root=C:\\Users\\ka447\\AppData\\Local\\Temp\\pytest-of-ka447\\pytest-32\\test_run_normalizes_project_id0", "module": "engine", "function": "run", "line": 75}
{"timestamp": "2026-08-02T10:35:53.424567+00:00", "level": "INFO", "logger": "vidur.inspection_engine.engine", "message": "Inspection completed for project_id=demo-project health_score=80.0 findings=1", "module": "engine", "function": "run", "line": 93}
{"timestamp": "2026-08-02T10:35:53.425280+00:00", "level": "INFO", "logger": "vidur.ai_reasoning.engine", "message": "AI reasoning started for project_id=demo-project root=C:\\Users\\ka447\\AppData\\Local\\Temp\\pytest-of-ka447\\pytest-32\\test_run_normalizes_project_id0", "module": "engine", "function": "run", "line": 80}
{"timestamp": "2026-08-02T10:35:53.425280+00:00", "level": "INFO", "logger": "vidur.ai_reasoning.engine", "message": "AI reasoning completed for project_id=demo-project recommendations=1", "module": "engine", "function": "run", "line": 102}
{"timestamp": "2026-08-02T10:35:53.450276+00:00", "level": "INFO", "logger": "vidur.deep_learning_vision.engine", "message": "Visual comparison started for project_id=demo-project baseline=homepage current=homepage", "module": "engine", "function": "run", "line": 102}
{"timestamp": "2026-08-02T10:35:53.452684+00:00", "level": "INFO", "logger": "vidur.deep_learning_vision.engine", "message": "Visual comparison started for project_id=demo-project baseline=homepage current=homepage", "module": "engine", "function": "run", "line": 102}
{"timestamp": "2026-08-02T10:35:53.454687+00:00", "level": "INFO", "logger": "vidur.deep_learning_vision.engine", "message": "Visual comparison started for project_id=demo-project baseline=homepage current=homepage", "module": "engine", "function": "run", "line": 102}
{"timestamp": "2026-08-02T10:35:53.454687+00:00", "level": "INFO", "logger": "vidur.deep_learning_vision.engine", "message": "Visual comparison completed for project_id=demo-project verdict=regression", "module": "engine", "function": "run", "line": 126}
{"timestamp": "2026-08-02T10:35:53.456685+00:00", "level": "INFO", "logger": "vidur.deep_learning_vision.engine", "message": "Visual comparison started for project_id=demo-project baseline=homepage current=homepage", "module": "engine", "function": "run", "line": 102}
{"timestamp": "2026-08-02T10:35:53.456685+00:00", "level": "INFO", "logger": "vidur.deep_learning_vision.engine", "message": "Visual comparison completed for project_id=demo-project verdict=regression", "module": "engine", "function": "run", "line": 126}
{"timestamp": "2026-08-02T10:35:53.458192+00:00", "level": "INFO", "logger": "vidur.deep_learning_vision.engine", "message": "Visual comparison started for project_id=demo-project baseline=homepage current=homepage", "module": "engine", "function": "run", "line": 102}
{"timestamp": "2026-08-02T10:35:53.458192+00:00", "level": "INFO", "logger": "vidur.deep_learning_vision.engine", "message": "Visual comparison completed for project_id=demo-project verdict=match", "module": "engine", "function": "run", "line": 126}
{"timestamp": "2026-08-02T10:35:53.459696+00:00", "level": "INFO", "logger": "vidur.deep_learning_vision.engine", "message": "Visual comparison started for project_id=demo-project baseline=homepage current=homepage", "module": "engine", "function": "run", "line": 102}
{"timestamp": "2026-08-02T10:35:53.459696+00:00", "level": "INFO", "logger": "vidur.deep_learning_vision.engine", "message": "Visual comparison completed for project_id=demo-project verdict=match", "module": "engine", "function": "run", "line": 126}
{"timestamp": "2026-08-02T10:35:53.622815+00:00", "level": "INFO", "logger": "vidur.inspection_engine.engine", "message": "Inspection started for project_id=demo-project root=C:\\Users\\ka447\\AppData\\Local\\Temp\\pytest-of-ka447\\pytest-32\\test_run_produces_completed_re0", "module": "engine", "function": "run", "line": 75}
{"timestamp": "2026-08-02T10:35:53.625298+00:00", "level": "INFO", "logger": "vidur.inspection_engine.engine", "message": "Inspection completed for project_id=demo-project health_score=100.0 findings=0", "module": "engine", "function": "run", "line": 93}
{"timestamp": "2026-08-02T10:35:53.629067+00:00", "level": "INFO", "logger": "vidur.inspection_engine.engine", "message": "Inspection started for project_id=demo-project root=C:\\Users\\ka447\\AppData\\Local\\Temp\\pytest-of-ka447\\pytest-32\\test_run_detects_findings_acro0", "module": "engine", "function": "run", "line": 75}
{"timestamp": "2026-08-02T10:35:53.630587+00:00", "level": "INFO", "logger": "vidur.inspection_engine.engine", "message": "Inspection completed for project_id=demo-project health_score=0.0 findings=2", "module": "engine", "function": "run", "line": 93}
{"timestamp": "2026-08-02T10:35:53.633759+00:00", "level": "INFO", "logger": "vidur.inspection_engine.engine", "message": "Inspection started for project_id=demo-project root=C:\\Users\\ka447\\AppData\\Local\\Temp\\pytest-of-ka447\\pytest-32\\test_run_with_previous_snapsho0", "module": "engine", "function": "run", "line": 75}
{"timestamp": "2026-08-02T10:35:53.635766+00:00", "level": "INFO", "logger": "vidur.inspection_engine.engine", "message": "Inspection completed for project_id=demo-project health_score=40.0 findings=1", "module": "engine", "function": "run", "line": 93}
{"timestamp": "2026-08-02T10:35:53.636728+00:00", "level": "INFO", "logger": "vidur.inspection_engine.engine", "message": "Inspection started for project_id=demo-project root=C:\\Users\\ka447\\AppData\\Local\\Temp\\pytest-of-ka447\\pytest-32\\test_run_with_previous_snapsho0", "module": "engine", "function": "run", "line": 75}
{"timestamp": "2026-08-02T10:35:53.639142+00:00", "level": "INFO", "logger": "vidur.inspection_engine.engine", "message": "Inspection completed for project_id=demo-project health_score=60.0 findings=2", "module": "engine", "function": "run", "line": 93}
{"timestamp": "2026-08-02T10:35:53.642142+00:00", "level": "INFO", "logger": "vidur.inspection_engine.engine", "message": "Inspection started for project_id=demo-project root=C:\\Users\\ka447\\AppData\\Local\\Temp\\pytest-of-ka447\\pytest-32\\test_run_normalizes_project_id1", "module": "engine", "function": "run", "line": 75}
{"timestamp": "2026-08-02T10:35:53.644141+00:00", "level": "INFO", "logger": "vidur.inspection_engine.engine", "message": "Inspection completed for project_id=demo-project health_score=40.0 findings=1", "module": "engine", "function": "run", "line": 93}
{"timestamp": "2026-08-02T10:35:53.679075+00:00", "level": "INFO", "logger": "vidur.inspection_engine.engine", "message": "Inspection started for project_id=demo-project root=C:\\Users\\ka447\\AppData\\Local\\Temp\\pytest-of-ka447\\pytest-32\\test_run_raises_when_feature_f2", "module": "engine", "function": "run", "line": 75}
{"timestamp": "2026-08-02T10:35:53.683263+00:00", "level": "INFO", "logger": "vidur.inspection_engine.engine", "message": "Inspection completed for project_id=demo-project health_score=100.0 findings=0", "module": "engine", "function": "run", "line": 93}
{"timestamp": "2026-08-02T10:35:53.689572+00:00", "level": "INFO", "logger": "vidur.inspection_engine.engine", "message": "Inspection started for project_id=demo-project root=C:\\Users\\ka447\\AppData\\Local\\Temp\\pytest-of-ka447\\pytest-32\\test_run_raises_for_invalid_pr2", "module": "engine", "function": "run", "line": 75}
{"timestamp": "2026-08-02T10:35:53.692689+00:00", "level": "INFO", "logger": "vidur.inspection_engine.engine", "message": "Inspection completed for project_id=demo-project health_score=100.0 findings=0", "module": "engine", "function": "run", "line": 93}
{"timestamp": "2026-08-02T10:35:53.696291+00:00", "level": "INFO", "logger": "vidur.inspection_engine.engine", "message": "Inspection started for project_id=project-a root=C:\\Users\\ka447\\AppData\\Local\\Temp\\pytest-of-ka447\\pytest-32\\test_run_raises_for_mismatched1", "module": "engine", "function": "run", "line": 75}
{"timestamp": "2026-08-02T10:35:53.701006+00:00", "level": "INFO", "logger": "vidur.inspection_engine.engine", "message": "Inspection completed for project_id=project-a health_score=100.0 findings=0", "module": "engine", "function": "run", "line": 93}
{"timestamp": "2026-08-02T10:35:53.706785+00:00", "level": "INFO", "logger": "vidur.inspection_engine.engine", "message": "Inspection started for project_id=demo-project root=C:\\Users\\ka447\\AppData\\Local\\Temp\\pytest-of-ka447\\pytest-32\\test_run_raises_for_mismatched2", "module": "engine", "function": "run", "line": 75}
{"timestamp": "2026-08-02T10:35:53.709806+00:00", "level": "INFO", "logger": "vidur.inspection_engine.engine", "message": "Inspection completed for project_id=demo-project health_score=100.0 findings=0", "module": "engine", "function": "run", "line": 93}
{"timestamp": "2026-08-02T10:35:53.709806+00:00", "level": "INFO", "logger": "vidur.ai_reasoning.engine", "message": "AI reasoning started for project_id=demo-project root=C:\\Users\\ka447\\AppData\\Local\\Temp\\pytest-of-ka447\\pytest-32\\test_run_raises_for_mismatched2", "module": "engine", "function": "run", "line": 80}
{"timestamp": "2026-08-02T10:35:53.710912+00:00", "level": "INFO", "logger": "vidur.ai_reasoning.engine", "message": "AI reasoning completed for project_id=demo-project recommendations=0", "module": "engine", "function": "run", "line": 102}
{"timestamp": "2026-08-02T10:35:53.715037+00:00", "level": "INFO", "logger": "vidur.inspection_engine.engine", "message": "Inspection started for project_id=demo-project root=C:\\Users\\ka447\\AppData\\Local\\Temp\\pytest-of-ka447\\pytest-32\\test_run_produces_ml_predictio0", "module": "engine", "function": "run", "line": 75}
{"timestamp": "2026-08-02T10:35:53.718044+00:00", "level": "INFO", "logger": "vidur.inspection_engine.engine", "message": "Inspection completed for project_id=demo-project health_score=100.0 findings=0", "module": "engine", "function": "run", "line": 93}
{"timestamp": "2026-08-02T10:35:53.718044+00:00", "level": "INFO", "logger": "vidur.ml_prediction.engine", "message": "ML prediction started for project_id=demo-project root=C:\\Users\\ka447\\AppData\\Local\\Temp\\pytest-of-ka447\\pytest-32\\test_run_produces_ml_predictio0", "module": "engine", "function": "run", "line": 103}
{"timestamp": "2026-08-02T10:35:53.719120+00:00", "level": "INFO", "logger": "vidur.ml_prediction.engine", "message": "ML prediction completed for project_id=demo-project failure_probability=0.1298", "module": "engine", "function": "run", "line": 127}
{"timestamp": "2026-08-02T10:35:53.725853+00:00", "level": "INFO", "logger": "vidur.inspection_engine.engine", "message": "Inspection started for project_id=demo-project root=C:\\Users\\ka447\\AppData\\Local\\Temp\\pytest-of-ka447\\pytest-32\\test_run_produces_ml_predictio1", "module": "engine", "function": "run", "line": 75}
{"timestamp": "2026-08-02T10:35:53.729025+00:00", "level": "INFO", "logger": "vidur.inspection_engine.engine", "message": "Inspection completed for project_id=demo-project health_score=100.0 findings=0", "module": "engine", "function": "run", "line": 93}
{"timestamp": "2026-08-02T10:35:53.729025+00:00", "level": "INFO", "logger": "vidur.ai_reasoning.engine", "message": "AI reasoning started for project_id=demo-project root=C:\\Users\\ka447\\AppData\\Local\\Temp\\pytest-of-ka447\\pytest-32\\test_run_produces_ml_predictio1", "module": "engine", "function": "run", "line": 80}
{"timestamp": "2026-08-02T10:35:53.730031+00:00", "level": "INFO", "logger": "vidur.ai_reasoning.engine", "message": "AI reasoning completed for project_id=demo-project recommendations=0", "module": "engine", "function": "run", "line": 102}
{"timestamp": "2026-08-02T10:35:53.730031+00:00", "level": "INFO", "logger": "vidur.ml_prediction.engine", "message": "ML prediction started for project_id=demo-project root=C:\\Users\\ka447\\AppData\\Local\\Temp\\pytest-of-ka447\\pytest-32\\test_run_produces_ml_predictio1", "module": "engine", "function": "run", "line": 103}
{"timestamp": "2026-08-02T10:35:53.731025+00:00", "level": "INFO", "logger": "vidur.ml_prediction.engine", "message": "ML prediction completed for project_id=demo-project failure_probability=0.1298", "module": "engine", "function": "run", "line": 127}
{"timestamp": "2026-08-02T10:35:53.735032+00:00", "level": "INFO", "logger": "vidur.inspection_engine.engine", "message": "Inspection started for project_id=demo-project root=C:\\Users\\ka447\\AppData\\Local\\Temp\\pytest-of-ka447\\pytest-32\\test_run_uses_historical_healt0", "module": "engine", "function": "run", "line": 75}
{"timestamp": "2026-08-02T10:35:53.740159+00:00", "level": "INFO", "logger": "vidur.inspection_engine.engine", "message": "Inspection completed for project_id=demo-project health_score=100.0 findings=0", "module": "engine", "function": "run", "line": 93}
{"timestamp": "2026-08-02T10:35:53.740159+00:00", "level": "INFO", "logger": "vidur.ml_prediction.engine", "message": "ML prediction started for project_id=demo-project root=C:\\Users\\ka447\\AppData\\Local\\Temp\\pytest-of-ka447\\pytest-32\\test_run_uses_historical_healt0", "module": "engine", "function": "run", "line": 103}
{"timestamp": "2026-08-02T10:35:53.741167+00:00", "level": "INFO", "logger": "vidur.ml_prediction.engine", "message": "ML prediction completed for project_id=demo-project failure_probability=0.1298", "module": "engine", "function": "run", "line": 127}
{"timestamp": "2026-08-02T10:35:53.745732+00:00", "level": "INFO", "logger": "vidur.inspection_engine.engine", "message": "Inspection started for project_id=demo-project root=C:\\Users\\ka447\\AppData\\Local\\Temp\\pytest-of-ka447\\pytest-32\\test_run_normalizes_project_id2", "module": "engine", "function": "run", "line": 75}
{"timestamp": "2026-08-02T10:35:53.750919+00:00", "level": "INFO", "logger": "vidur.inspection_engine.engine", "message": "Inspection completed for project_id=demo-project health_score=100.0 findings=0", "module": "engine", "function": "run", "line": 93}
{"timestamp": "2026-08-02T10:35:53.751926+00:00", "level": "INFO", "logger": "vidur.ml_prediction.engine", "message": "ML prediction started for project_id=demo-project root=C:\\Users\\ka447\\AppData\\Local\\Temp\\pytest-of-ka447\\pytest-32\\test_run_normalizes_project_id2", "module": "engine", "function": "run", "line": 103}
{"timestamp": "2026-08-02T10:35:53.751926+00:00", "level": "INFO", "logger": "vidur.ml_prediction.engine", "message": "ML prediction completed for project_id=demo-project failure_probability=0.1298", "module": "engine", "function": "run", "line": 127}
{"timestamp": "2026-08-02T10:35:53.791538+00:00", "level": "WARNING", "logger": "vidur.nlp.code_intent_extractor", "message": "Skipping unparseable file app/broken.py: invalid syntax (app/broken.py, line 1)", "module": "code_intent_extractor", "function": "extract", "line": 56}
{"timestamp": "2026-08-02T10:35:53.799063+00:00", "level": "WARNING", "logger": "vidur.nlp.code_intent_extractor", "message": "Skipping unparseable file app/broken.py: invalid syntax (app/broken.py, line 1)", "module": "code_intent_extractor", "function": "extract", "line": 56}
{"timestamp": "2026-08-02T10:35:53.806804+00:00", "level": "WARNING", "logger": "vidur.nlp.code_intent_extractor", "message": "Skipping unparseable file app/broken.py: invalid syntax (app/broken.py, line 1)", "module": "code_intent_extractor", "function": "extract", "line": 56}
{"timestamp": "2026-08-02T10:35:53.866053+00:00", "level": "INFO", "logger": "vidur.nlp.engine", "message": "NLP analysis started for project_id=demo-project root=C:\\Users\\ka447\\AppData\\Local\\Temp\\pytest-of-ka447\\pytest-32\\test_run_produces_nlp_report0", "module": "engine", "function": "run", "line": 76}
{"timestamp": "2026-08-02T10:35:53.872661+00:00", "level": "INFO", "logger": "vidur.nlp.engine", "message": "NLP analysis completed for project_id=demo-project consistency_findings=0", "module": "engine", "function": "run", "line": 94}
{"timestamp": "2026-08-02T10:35:53.877950+00:00", "level": "INFO", "logger": "vidur.nlp.engine", "message": "NLP analysis started for project_id=demo-project root=C:\\Users\\ka447\\AppData\\Local\\Temp\\pytest-of-ka447\\pytest-32\\test_run_includes_semantic_res0", "module": "engine", "function": "run", "line": 76}
{"timestamp": "2026-08-02T10:35:53.882524+00:00", "level": "INFO", "logger": "vidur.nlp.engine", "message": "NLP analysis completed for project_id=demo-project consistency_findings=0", "module": "engine", "function": "run", "line": 94}
{"timestamp": "2026-08-02T10:35:53.890668+00:00", "level": "INFO", "logger": "vidur.nlp.engine", "message": "NLP analysis started for project_id=demo-project root=C:\\Users\\ka447\\AppData\\Local\\Temp\\pytest-of-ka447\\pytest-32\\test_run_normalizes_project_id3", "module": "engine", "function": "run", "line": 76}
{"timestamp": "2026-08-02T10:35:53.897101+00:00", "level": "INFO", "logger": "vidur.nlp.engine", "message": "NLP analysis completed for project_id=demo-project consistency_findings=0", "module": "engine", "function": "run", "line": 94}
{"timestamp": "2026-08-02T10:35:53.944207+00:00", "level": "INFO", "logger": "vidur.specs.predictor", "message": "Specs prediction started for project_id=demo-project", "module": "predictor", "function": "predict", "line": 134}
{"timestamp": "2026-08-02T10:35:53.944207+00:00", "level": "INFO", "logger": "vidur.specs.predictor", "message": "Specs prediction completed for project_id=demo-project sessions_derived=0", "module": "predictor", "function": "predict", "line": 156}
{"timestamp": "2026-08-02T10:35:53.947204+00:00", "level": "INFO", "logger": "vidur.specs.predictor", "message": "Specs prediction started for project_id=demo-project", "module": "predictor", "function": "predict", "line": 134}
{"timestamp": "2026-08-02T10:35:53.947204+00:00", "level": "INFO", "logger": "vidur.specs.predictor", "message": "Specs prediction completed for project_id=demo-project sessions_derived=0", "module": "predictor", "function": "predict", "line": 156}
{"timestamp": "2026-08-02T10:35:53.948719+00:00", "level": "INFO", "logger": "vidur.specs.predictor", "message": "Specs prediction started for project_id=demo-project", "module": "predictor", "function": "predict", "line": 134}
{"timestamp": "2026-08-02T10:35:53.948719+00:00", "level": "INFO", "logger": "vidur.specs.predictor", "message": "Specs prediction completed for project_id=demo-project sessions_derived=0", "module": "predictor", "function": "predict", "line": 156}
{"timestamp": "2026-08-02T10:35:53.952416+00:00", "level": "INFO", "logger": "vidur.specs.predictor", "message": "Specs prediction started for project_id=demo-project", "module": "predictor", "function": "predict", "line": 134}
{"timestamp": "2026-08-02T10:35:53.953771+00:00", "level": "INFO", "logger": "vidur.specs.predictor", "message": "Specs prediction completed for project_id=demo-project sessions_derived=2", "module": "predictor", "function": "predict", "line": 156}
{"timestamp": "2026-08-02T10:35:53.958763+00:00", "level": "INFO", "logger": "vidur.specs.predictor", "message": "Specs prediction started for project_id=demo-project", "module": "predictor", "function": "predict", "line": 134}
{"timestamp": "2026-08-02T10:35:53.959312+00:00", "level": "INFO", "logger": "vidur.specs.predictor", "message": "Specs prediction completed for project_id=demo-project sessions_derived=2", "module": "predictor", "function": "predict", "line": 156}
{"timestamp": "2026-08-02T10:35:53.961320+00:00", "level": "INFO", "logger": "vidur.specs.predictor", "message": "Specs prediction started for project_id=demo-project", "module": "predictor", "function": "predict", "line": 134}
{"timestamp": "2026-08-02T10:35:53.961320+00:00", "level": "INFO", "logger": "vidur.specs.predictor", "message": "Specs prediction completed for project_id=demo-project sessions_derived=0", "module": "predictor", "function": "predict", "line": 156}
{"timestamp": "2026-08-02T10:35:53.977851+00:00", "level": "INFO", "logger": "vidur.specs.storage", "message": "Ingesting specs snapshot for project_id=demo-project", "module": "storage", "function": "ingest", "line": 238}
{"timestamp": "2026-08-02T10:35:53.977851+00:00", "level": "INFO", "logger": "vidur.specs.storage", "message": "Ingested specs snapshot for project_id=demo-project", "module": "storage", "function": "ingest", "line": 254}
{"timestamp": "2026-08-02T10:35:53.980867+00:00", "level": "INFO", "logger": "vidur.specs.storage", "message": "Ingesting specs snapshot for project_id=demo-project", "module": "storage", "function": "ingest", "line": 238}
{"timestamp": "2026-08-02T10:35:53.980867+00:00", "level": "INFO", "logger": "vidur.specs.storage", "message": "Ingested specs snapshot for project_id=demo-project", "module": "storage", "function": "ingest", "line": 254}
{"timestamp": "2026-08-02T10:35:53.987616+00:00", "level": "INFO", "logger": "vidur.specs.storage", "message": "Ingesting specs snapshot for project_id=demo-project", "module": "storage", "function": "ingest", "line": 238}
{"timestamp": "2026-08-02T10:35:53.988630+00:00", "level": "INFO", "logger": "vidur.specs.storage", "message": "Ingested specs snapshot for project_id=demo-project", "module": "storage", "function": "ingest", "line": 254}
{"timestamp": "2026-08-02T10:35:53.988630+00:00", "level": "INFO", "logger": "vidur.specs.storage", "message": "Ingesting specs snapshot for project_id=demo-project", "module": "storage", "function": "ingest", "line": 238}
{"timestamp": "2026-08-02T10:35:53.988630+00:00", "level": "INFO", "logger": "vidur.specs.storage", "message": "Ingested specs snapshot for project_id=demo-project", "module": "storage", "function": "ingest", "line": 254}
{"timestamp": "2026-08-02T10:35:53.991649+00:00", "level": "INFO", "logger": "vidur.specs.storage", "message": "Ingesting specs snapshot for project_id=demo-project", "module": "storage", "function": "ingest", "line": 238}
{"timestamp": "2026-08-02T10:35:53.992651+00:00", "level": "ERROR", "logger": "vidur.specs.storage", "message": "Failed to persist specs snapshot for project_id=demo-project: simulated failure", "module": "storage", "function": "ingest", "line": 245}
{"timestamp": "2026-08-02T10:35:53.998153+00:00", "level": "INFO", "logger": "vidur.specs.storage", "message": "Ingesting specs snapshot for project_id=demo-project", "module": "storage", "function": "ingest", "line": 238}
{"timestamp": "2026-08-02T10:35:53.999161+00:00", "level": "INFO", "logger": "vidur.specs.storage", "message": "Ingested specs snapshot for project_id=demo-project", "module": "storage", "function": "ingest", "line": 254}
{"timestamp": "2026-08-02T10:35:53.999161+00:00", "level": "INFO", "logger": "vidur.specs.storage", "message": "Ingesting specs snapshot for project_id=demo-project", "module": "storage", "function": "ingest", "line": 238}
{"timestamp": "2026-08-02T10:35:53.999161+00:00", "level": "INFO", "logger": "vidur.specs.storage", "message": "Ingested specs snapshot for project_id=demo-project", "module": "storage", "function": "ingest", "line": 254}
{"timestamp": "2026-08-02T10:35:54.000199+00:00", "level": "INFO", "logger": "vidur.specs.storage", "message": "Ingesting specs snapshot for project_id=demo-project", "module": "storage", "function": "ingest", "line": 238}
{"timestamp": "2026-08-02T10:35:54.000199+00:00", "level": "INFO", "logger": "vidur.specs.storage", "message": "Ingested specs snapshot for project_id=demo-project", "module": "storage", "function": "ingest", "line": 254}
{"timestamp": "2026-08-02T10:35:54.006213+00:00", "level": "INFO", "logger": "vidur.specs.storage", "message": "Ingesting specs snapshot for project_id=demo-project", "module": "storage", "function": "ingest", "line": 238}
{"timestamp": "2026-08-02T10:35:54.007721+00:00", "level": "INFO", "logger": "vidur.specs.storage", "message": "Ingested specs snapshot for project_id=demo-project", "module": "storage", "function": "ingest", "line": 254}
{"timestamp": "2026-08-02T10:35:54.138310+00:00", "level": "INFO", "logger": "vidur.specs.storage", "message": "Ingesting specs snapshot for project_id=demo-project", "module": "storage", "function": "ingest", "line": 238}
{"timestamp": "2026-08-02T10:35:54.142856+00:00", "level": "INFO", "logger": "vidur.specs.storage", "message": "Ingested specs snapshot for project_id=demo-project", "module": "storage", "function": "ingest", "line": 254}
{"timestamp": "2026-08-02T10:35:54.183833+00:00", "level": "INFO", "logger": "vidur.memory.engine", "message": "Recording inspection memory for project_id=demo-project", "module": "engine", "function": "_record", "line": 253}
{"timestamp": "2026-08-02T10:35:54.183833+00:00", "level": "INFO", "logger": "vidur.memory.engine", "message": "Recorded inspection memory record_id=b8c99189010e4c818785ca23a721d32d for project_id=demo-project", "module": "engine", "function": "_record", "line": 275}
{"timestamp": "2026-08-02T10:35:54.185834+00:00", "level": "INFO", "logger": "vidur.memory.engine", "message": "Recording visual_regression memory for project_id=demo-project", "module": "engine", "function": "_record", "line": 253}
{"timestamp": "2026-08-02T10:35:54.188338+00:00", "level": "INFO", "logger": "vidur.memory.engine", "message": "Recorded visual_regression memory record_id=13f9b6a25e9243b5b14de4744ab90f42 for project_id=demo-project", "module": "engine", "function": "_record", "line": 275}
{"timestamp": "2026-08-02T10:35:54.193053+00:00", "level": "INFO", "logger": "vidur.memory.engine", "message": "Recording inspection memory for project_id=demo-project", "module": "engine", "function": "_record", "line": 253}
{"timestamp": "2026-08-02T10:35:54.193053+00:00", "level": "INFO", "logger": "vidur.memory.engine", "message": "Recorded inspection memory record_id=02007807c1254315b01101145b0c0447 for project_id=demo-project", "module": "engine", "function": "_record", "line": 275}
{"timestamp": "2026-08-02T10:35:54.201867+00:00", "level": "INFO", "logger": "vidur.memory.engine", "message": "Recording inspection memory for project_id=demo-project", "module": "engine", "function": "_record", "line": 253}
{"timestamp": "2026-08-02T10:35:54.201867+00:00", "level": "INFO", "logger": "vidur.memory.engine", "message": "Recorded inspection memory record_id=d8ed4b92fc344f70824aa0778989bfd8 for project_id=demo-project", "module": "engine", "function": "_record", "line": 275}
{"timestamp": "2026-08-02T10:35:54.202868+00:00", "level": "INFO", "logger": "vidur.memory.engine", "message": "Memory recall started for project_id=demo-project", "module": "engine", "function": "recall", "line": 136}
{"timestamp": "2026-08-02T10:35:54.202868+00:00", "level": "INFO", "logger": "vidur.memory.engine", "message": "Memory recall completed for project_id=demo-project matches=1", "module": "engine", "function": "recall", "line": 167}
{"timestamp": "2026-08-02T10:35:54.204958+00:00", "level": "INFO", "logger": "vidur.memory.engine", "message": "Memory recall started for project_id=demo-project", "module": "engine", "function": "recall", "line": 136}
{"timestamp": "2026-08-02T10:35:54.206958+00:00", "level": "INFO", "logger": "vidur.memory.engine", "message": "Memory recall completed for project_id=demo-project matches=0", "module": "engine", "function": "recall", "line": 167}
{"timestamp": "2026-08-02T10:35:54.209471+00:00", "level": "INFO", "logger": "vidur.memory.engine", "message": "Recording inspection memory for project_id=demo-project", "module": "engine", "function": "_record", "line": 253}
{"timestamp": "2026-08-02T10:35:54.209471+00:00", "level": "INFO", "logger": "vidur.memory.engine", "message": "Recorded inspection memory record_id=efc35a61216b45899ad7953a22887765 for project_id=demo-project", "module": "engine", "function": "_record", "line": 275}
{"timestamp": "2026-08-02T10:35:54.210475+00:00", "level": "INFO", "logger": "vidur.memory.engine", "message": "Recording visual_regression memory for project_id=demo-project", "module": "engine", "function": "_record", "line": 253}
{"timestamp": "2026-08-02T10:35:54.210475+00:00", "level": "INFO", "logger": "vidur.memory.engine", "message": "Recorded visual_regression memory record_id=05124478f9e84e13a18ad5e3430a0a19 for project_id=demo-project", "module": "engine", "function": "_record", "line": 275}
{"timestamp": "2026-08-02T10:35:54.212477+00:00", "level": "INFO", "logger": "vidur.memory.engine", "message": "Recording inspection memory for project_id=demo-project", "module": "engine", "function": "_record", "line": 253}
{"timestamp": "2026-08-02T10:35:54.213476+00:00", "level": "INFO", "logger": "vidur.memory.engine", "message": "Recorded inspection memory record_id=d52cef5255e24b5b9f508f8b9389cd42 for project_id=demo-project", "module": "engine", "function": "_record", "line": 275}
{"timestamp": "2026-08-02T10:35:54.214477+00:00", "level": "INFO", "logger": "vidur.memory.engine", "message": "Recording visual_regression memory for project_id=demo-project", "module": "engine", "function": "_record", "line": 253}
{"timestamp": "2026-08-02T10:35:54.214477+00:00", "level": "INFO", "logger": "vidur.memory.engine", "message": "Recorded visual_regression memory record_id=32e78ce47cbe480eaed6b93aba075da2 for project_id=demo-project", "module": "engine", "function": "_record", "line": 275}
{"timestamp": "2026-08-02T10:35:54.217984+00:00", "level": "INFO", "logger": "vidur.memory.engine", "message": "Recording inspection memory for project_id=demo-project", "module": "engine", "function": "_record", "line": 253}
{"timestamp": "2026-08-02T10:35:54.218991+00:00", "level": "INFO", "logger": "vidur.memory.engine", "message": "Recorded inspection memory record_id=5bb6080f86fb4ebc8ade680de662189f for project_id=demo-project", "module": "engine", "function": "_record", "line": 275}
{"timestamp": "2026-08-02T10:35:54.222952+00:00", "level": "INFO", "logger": "vidur.memory.engine", "message": "Recording inspection memory for project_id=demo-project", "module": "engine", "function": "_record", "line": 253}
{"timestamp": "2026-08-02T10:35:54.223465+00:00", "level": "INFO", "logger": "vidur.memory.engine", "message": "Recorded inspection memory record_id=b3b72bdec73b467da477c8697b7e90ac for project_id=demo-project", "module": "engine", "function": "_record", "line": 275}
{"timestamp": "2026-08-02T10:35:54.226937+00:00", "level": "INFO", "logger": "vidur.memory.engine", "message": "Recording visual_regression memory for project_id=demo-project", "module": "engine", "function": "_record", "line": 253}
{"timestamp": "2026-08-02T10:35:54.226937+00:00", "level": "INFO", "logger": "vidur.memory.engine", "message": "Recorded visual_regression memory record_id=1287853fd9b94970ae8b13f077e28a2a for project_id=demo-project", "module": "engine", "function": "_record", "line": 275}
{"timestamp": "2026-08-02T10:35:54.228044+00:00", "level": "INFO", "logger": "vidur.memory.engine", "message": "Recording inspection memory for project_id=demo-project", "module": "engine", "function": "_record", "line": 253}
{"timestamp": "2026-08-02T10:35:54.228044+00:00", "level": "INFO", "logger": "vidur.memory.engine", "message": "Recorded inspection memory record_id=d45fa314ae5d45e782346f844dbfa0a2 for project_id=demo-project", "module": "engine", "function": "_record", "line": 275}
{"timestamp": "2026-08-02T10:35:54.246392+00:00", "level": "ERROR", "logger": "vidur.memory.record_store", "message": "Failed to persist memory record rec-1 for project_id=demo-project: simulated failure", "module": "record_store", "function": "save", "line": 78}
{"timestamp": "2026-08-02T10:35:54.247898+00:00", "level": "ERROR", "logger": "vidur.memory.record_store", "message": "Failed to list memory records for project_id=demo-project: simulated failure", "module": "record_store", "function": "list_records", "line": 110}
{"timestamp": "2026-08-02T10:35:54.263439+00:00", "level": "ERROR", "logger": "vidur.memory.semantic_index", "message": "Failed to index memory record rec-1 for project_id=demo-project: simulated chroma failure", "module": "semantic_index", "function": "index", "line": 58}
{"timestamp": "2026-08-02T10:35:54.264445+00:00", "level": "ERROR", "logger": "vidur.memory.semantic_index", "message": "Semantic recall query failed for project_id=demo-project: simulated chroma failure", "module": "semantic_index", "function": "query", "line": 85}
{"timestamp": "2026-08-02T10:35:54.288327+00:00", "level": "WARNING", "logger": "vidur.local_agent", "message": "Latency check to example.invalid:443 failed", "module": "local_agent", "function": "measure_latency_ms", "line": 314}
{"timestamp": "2026-08-02T10:35:54.294339+00:00", "level": "ERROR", "logger": "vidur.local_agent", "message": "Failed to collect a computer metric", "module": "local_agent", "function": "_safe_metric", "line": 352, "exception": "Traceback (most recent call last):\n  File \"C:\\Users\\ka447\\Desktop\\vidur\\backend\\scripts\\local_agent.py\", line 350, in _safe_metric\n    return round(float(fn()), 2)\n                       ^^^^\n  File \"C:\\Users\\ka447\\Desktop\\vidur\\backend\\scripts\\local_agent.py\", line 343, in <lambda>\n    \"ram_usage_percent\": self._safe_metric(lambda: self._psutil.virtual_memory().percent),\n                                                   ^^^^^^^^^^^^^^^^^^^^^^^^^^^^^\n  File \"C:\\Users\\ka447\\Desktop\\vidur\\backend\\tests\\unit\\scripts\\test_local_agent.py\", line 174, in virtual_memory\n    raise RuntimeError(\"boom\")\nRuntimeError: boom"}
{"timestamp": "2026-08-02T10:35:54.301874+00:00", "level": "WARNING", "logger": "vidur.local_agent", "message": "Serial read from COM5 failed", "module": "local_agent", "function": "read_hardware_environmental_line", "line": 417, "exception": "Traceback (most recent call last):\n  File \"C:\\Users\\ka447\\Desktop\\vidur\\backend\\scripts\\local_agent.py\", line 411, in read_hardware_environmental_line\n    with serial_cls(device, baudrate=baudrate, timeout=timeout) as connection:\n         ^^^^^^^^^^^^^^^^^^^^^^^^^^^^^^^^^^^^^^^^^^^^^^^^^^^^^^\n  File \"C:\\Users\\ka447\\Desktop\\vidur\\backend\\tests\\unit\\scripts\\test_local_agent.py\", line 296, in __call__\n    raise OSError(\"port unavailable\")\nOSError: port unavailable"}
{"timestamp": "2026-08-02T10:35:54.311118+00:00", "level": "INFO", "logger": "vidur.local_agent", "message": "Environmental reading from hardware (CH340 on COM5)", "module": "local_agent", "function": "collect_environmental_metrics", "line": 478}
{"timestamp": "2026-08-02T10:35:54.313120+00:00", "level": "WARNING", "logger": "vidur.local_agent", "message": "Serial read from COM5 failed", "module": "local_agent", "function": "read_hardware_environmental_line", "line": 417, "exception": "Traceback (most recent call last):\n  File \"C:\\Users\\ka447\\Desktop\\vidur\\backend\\scripts\\local_agent.py\", line 411, in read_hardware_environmental_line\n    with serial_cls(device, baudrate=baudrate, timeout=timeout) as connection:\n         ^^^^^^^^^^^^^^^^^^^^^^^^^^^^^^^^^^^^^^^^^^^^^^^^^^^^^^\n  File \"C:\\Users\\ka447\\Desktop\\vidur\\backend\\tests\\unit\\scripts\\test_local_agent.py\", line 296, in __call__\n    raise OSError(\"port unavailable\")\nOSError: port unavailable"}
{"timestamp": "2026-08-02T10:35:54.313120+00:00", "level": "WARNING", "logger": "vidur.local_agent", "message": "Matched board CH340 on COM5 but the hardware read failed; falling back to simulation", "module": "local_agent", "function": "collect_environmental_metrics", "line": 481}
{"timestamp": "2026-08-02T10:35:54.315122+00:00", "level": "WARNING", "logger": "vidur.local_agent", "message": "Matched board CH340 on COM5 but the hardware read failed; falling back to simulation", "module": "local_agent", "function": "collect_environmental_metrics", "line": 481}
{"timestamp": "2026-08-02T10:35:54.316121+00:00", "level": "INFO", "logger": "vidur.local_agent", "message": "Ingested Specs cycle: HTTP 200", "module": "local_agent", "function": "post_ingest", "line": 532}
{"timestamp": "2026-08-02T10:35:54.318629+00:00", "level": "ERROR", "logger": "vidur.local_agent", "message": "Ingest rejected by backend: HTTP 403 feature disabled", "module": "local_agent", "function": "post_ingest", "line": 536}
{"timestamp": "2026-08-02T10:35:54.321631+00:00", "level": "ERROR", "logger": "vidur.local_agent", "message": "Could not reach backend at http://localhost:8000/api/v1/specs/ingest", "module": "local_agent", "function": "post_ingest", "line": 539, "exception": "Traceback (most recent call last):\n  File \"C:\\Users\\ka447\\Desktop\\vidur\\backend\\scripts\\local_agent.py\", line 530, in post_ingest\n    with opener(request, timeout=timeout) as response:\n         ^^^^^^^^^^^^^^^^^^^^^^^^^^^^^^^^\n  File \"C:\\Users\\ka447\\Desktop\\vidur\\backend\\tests\\unit\\scripts\\test_local_agent.py\", line 468, in _fake_opener\n    raise urllib.error.URLError(\"connection refused\")\nurllib.error.URLError: <urlopen error connection refused>"}
